EmptyValueTest.java:7:21: compiler.err.empty.value.not.yet
1 error
